// Jest Snapshot v1, https://goo.gl/fbAQLP

exports[`should render Expense List with Expenses 1`] = `
<div>
  <Connect(ExpenseListItem)
    amount={195}
    createdAt={0}
    description="Gum"
    id={1}
    key="1"
  />
  <Connect(ExpenseListItem)
    amount={200000}
    createdAt={-345600000}
    description="rent"
    id={2}
    key="2"
  />
  <Connect(ExpenseListItem)
    amount={4500}
    createdAt={345600000}
    description="credit Card"
    id={3}
    key="3"
  />
</div>
`;

exports[`should render expens list with empty message 1`] = `
<div>
  <p>
    No Expenses
  </p>
</div>
`;
