// Jest Snapshot v1, https://goo.gl/fbAQLP

exports[`should render Expense List item with Expense 1`] = `
<div>
  <NavLink
    activeClassName="is-active"
    aria-current="page"
    exact={true}
    to="/edit/1"
  >
    <h3>
      Gum
    </h3>
  </NavLink>
  <p>
     
    £195.00
    -
    1st January, 1970
  </p>
</div>
`;
