// Jest Snapshot v1, https://goo.gl/fbAQLP

exports[`should render Expense List item with Expense 1`] = `
<div>
  <NavLink
    activeClassName="is-active"
    ariaCurrent="true"
    exact={true}
    to="/edit/1"
  >
    <h3>
      Gum
    </h3>
  </NavLink>
  <p>
     Amount: 
    195
    , Created Date: 
    0
  </p>
</div>
`;
